// Jest Snapshot v1, https://goo.gl/fbAQLP

exports[`matches snapshot 1`] = `
<DocumentFragment>
  <div
    class="aje-input is-medium"
  >
    <label
      class="aje-label"
      for="select-6009295216160224"
    >
      Label
    </label>
    <div
      class="aje-input__select"
    >
      <select
        aria-describedby=""
        id="select-6009295216160224"
      >
        <option
          value="none"
        >
          - Select an option -
        </option>
        <option
          value="value1"
        >
          Option 1
        </option>
        <option
          value="value2"
        >
          Option 2
        </option>
      </select>
    </div>
  </div>
</DocumentFragment>
`;
