// Vitest Snapshot v1, https://vitest.dev/guide/snapshot.html

exports[`matches snapshot 1`] = `
<DocumentFragment>
  <div
    class="aje-input__select is-medium"
  >
    <label
      class="sc-dlniIP jyMjFQ"
      for="select-:r0:-select"
    >
      Label
    </label>
    <div
      class="sc-bdnyFh djAVTD aje-input__select"
    >
      <select
        aria-describedby="select-:r0:-message"
        class="sc-gtsqUy jkkzTo"
        id="select-:r0:-select"
      >
        <option
          value="none"
        >
          - Select an option -
        </option>
        <option
          value="value1"
        >
          option 1
        </option>
        <option
          value="value2"
        >
          option 2
        </option>
      </select>
    </div>
  </div>
</DocumentFragment>
`;
