// Vitest Snapshot v1, https://vitest.dev/guide/snapshot.html

exports[`matches snapshot 1`] = `
<DocumentFragment>
  <div
    class="sc-gsFSjX pXqer aje-input__text sc-dLNtp hUkCVU aje-input__textarea is-medium"
    data-resize="both"
  >
    <label
      class="sc-aYaIB dImjZF is-auto"
      for="react-aria-:r0:"
      id="react-aria-:r1:"
    >
      label
    </label>
    <textarea
      aria-labelledby="react-aria-:r1:"
      class="sc-iGgVNO kYbOWo is-auto"
      data-resize="both"
      id="react-aria-:r0:"
    />
  </div>
</DocumentFragment>
`;
