// Vitest Snapshot v1, https://vitest.dev/guide/snapshot.html

exports[`matches snapshot 1`] = `
<DocumentFragment>
  <div
    class="sc-jSFipO jZoppU aje-input can-resize is-medium"
  >
    <label
      class="sc-gtsqUy hMTsbS aje-label aje-label"
      for="react-aria-:r0:"
      id="react-aria-:r1:"
    >
      label
    </label>
    <textarea
      aria-labelledby="react-aria-:r1:"
      class="sc-gKAaef fGFvkN"
      id="react-aria-:r0:"
    />
  </div>
</DocumentFragment>
`;
