// Jest Snapshot v1, https://goo.gl/fbAQLP

exports[`matches snapshot 1`] = `
<DocumentFragment>
  <div
    class="aj-dropdown is-medium"
  >
    <div
      class="aj-combobox"
    >
      <div
        aria-controls="custom-dropdown-list-12345678900000000000"
        aria-describedby=""
        aria-expanded="false"
        aria-haspopup="listbox"
        class="aj-combobox__input"
        id="custom-dropdown-combo-12345678900000000000"
        role="combobox"
        tabindex="0"
      >
        <span>
          Custom dropdown label
        </span>
      </div>
      <ul
        class="aj-combobox__menu"
        id="custom-dropdown-list-12345678900000000000"
        role="listbox"
        tabindex="-1"
      >
        <li
          class="aj-combobox__option"
          role="option"
        >
          Option 1
        </li>
        ,
        <li
          class="aj-combobox__option"
          role="option"
        >
          Option 2
        </li>
      </ul>
    </div>
  </div>
</DocumentFragment>
`;
