// Vitest Snapshot v1, https://vitest.dev/guide/snapshot.html

exports[`matches snapshot 1`] = `
<DocumentFragment>
  <fieldset
    class="sc-jrsKJM cfSIZA aje-radio-group"
  >
    <legend
      class="sc-dlniIP coPbkZ aje-label"
    >
      Label
    </legend>
    <label
      class="sc-iCoHzw sc-kEqXeH hKJGof yaXTG aje-radio"
      for="radio-:r0:-input"
    >
      <input
        checked=""
        class="sc-fujznN kzHtgv"
        id="radio-:r0:-input"
        name="radiogroup"
        type="radio"
        value="opt1"
      />
      <span
        class="sc-pNWRh hMwpqe aje-checkbox__label"
      >
        Option 1
      </span>
    </label>
    <label
      class="sc-iCoHzw sc-kEqXeH hKJGof yaXTG aje-radio"
      for="radio-:r1:-input"
    >
      <input
        class="sc-fujznN kzHtgv"
        id="radio-:r1:-input"
        name="radiogroup"
        type="radio"
        value="opt2"
      />
      <span
        class="sc-pNWRh hMwpqe aje-checkbox__label"
      >
        Option 2
      </span>
    </label>
    <label
      class="sc-iCoHzw sc-kEqXeH hKJGof yaXTG aje-radio"
      for="radio-:r2:-input"
    >
      <input
        class="sc-fujznN kzHtgv"
        id="radio-:r2:-input"
        name="radiogroup"
        type="radio"
        value="opt3"
      />
      <span
        class="sc-pNWRh hMwpqe aje-checkbox__label"
      >
        Option 3
      </span>
    </label>
  </fieldset>
</DocumentFragment>
`;
