// Vitest Snapshot v1, https://vitest.dev/guide/snapshot.html

exports[`matches snapshot 1`] = `
<DocumentFragment>
  <fieldset
    aria-labelledby="react-aria-:r1:"
    aria-orientation="vertical"
    class="sc-iemXqs fdTySU aje-radio-group"
    id="react-aria-:r0:"
    role="radiogroup"
  >
    <legend
      class="sc-bdnyFh KCKAU aje-radio-group__label"
      id="react-aria-:r1:"
    >
      Label
    </legend>
    <div
      class="sc-hBMVwJ sc-bkbjWr bgVkQY hPxwdM aje-radio"
    >
      <input
        checked=""
        class="sc-fnVZQs iubuxm"
        name="radiogroup"
        tabindex="0"
        type="radio"
        value="opt1"
      />
      <span
        class="sc-fFSPgy kVjNrY aje-checkbox__label"
      >
        Option 1
      </span>
    </div>
    <div
      class="sc-hBMVwJ sc-bkbjWr bgVkQY hPxwdM aje-radio"
    >
      <input
        class="sc-fnVZQs iubuxm"
        name="radiogroup"
        tabindex="-1"
        type="radio"
        value="opt2"
      />
      <span
        class="sc-fFSPgy kVjNrY aje-checkbox__label"
      >
        Option 2
      </span>
    </div>
    <div
      class="sc-hBMVwJ sc-bkbjWr bgVkQY hPxwdM aje-radio"
    >
      <input
        class="sc-fnVZQs iubuxm"
        name="radiogroup"
        tabindex="-1"
        type="radio"
        value="opt3"
      />
      <span
        class="sc-fFSPgy kVjNrY aje-checkbox__label"
      >
        Option 3
      </span>
    </div>
  </fieldset>
</DocumentFragment>
`;
