// Vitest Snapshot v1, https://vitest.dev/guide/snapshot.html

exports[`matches snapshot 1`] = `
<DocumentFragment>
  <div
    class="sc-bdnyFh sc-jSFipO iTvmTV is-small aje-input can-resize"
  >
    <label
      class="sc-dlniIP coPbkZ aje-label aje-label"
      for="TextArea-:r0:-textarea"
    >
      label
    </label>
    <textarea
      aria-describedby=""
      class="sc-gKAaef dldnYB"
      id="TextArea-:r0:-textarea"
    />
  </div>
</DocumentFragment>
`;
