// Jest Snapshot v1, https://goo.gl/fbAQLP

exports[`matches snapshot 1`] = `
<DocumentFragment>
  <div
    class="sc-bcXHqe sc-jSUZER  cRkWsK aje-input can-resize aje-input can-resize is-small"
  >
    <label
      class="sc-dkrFOg hmuQfz aje-label aje-label aje-label"
      for="TextArea-:r0:-textarea"
    >
      label
    </label>
    <textarea
      aria-describedby=""
      class="sc-gKPRtg rvtqf"
      id="TextArea-:r0:-textarea"
    />
  </div>
</DocumentFragment>
`;
