// Jest Snapshot v1, https://goo.gl/fbAQLP

exports[`matches snapshot 1`] = `
<DocumentFragment>
  <div
    class="aje-input can-resize is-small"
  >
    <label
      class="aje-label"
      for="TextArea-:r0:-textarea"
    >
      label
    </label>
    <textarea
      aria-describedby=""
      id="TextArea-:r0:-textarea"
    />
  </div>
</DocumentFragment>
`;
