// Vitest Snapshot v1, https://vitest.dev/guide/snapshot.html

exports[`matches snapshot 1`] = `
<DocumentFragment>
  <button
    class="sc-gKAaef sc-iCoHzw bcVLIb kJUKHc aje-btn aje-btn--icon aje-btn--border"
    data-focus-visible="false"
    type="button"
  >
    <i
      aria-hidden="true"
      class="sc-jSFipO eeJbpe material-icons is-medium"
    >
      more_vert
    </i>
  </button>
</DocumentFragment>
`;
