// Jest Snapshot v1, https://goo.gl/fbAQLP

exports[`matches snapshot 1`] = `
<DocumentFragment>
  <button
    aria-label="More Button"
    class="sc-jSUZER sc-gKPRtg hqzEMJ gLQHOg aje-btn aje-btn--icon"
    id="IconButton-:r0:-button"
    type="button"
  >
    <i
      aria-hidden="true"
      class="sc-eDvSVe ekQCtg material-icons is-medium"
    >
      more_vert
    </i>
  </button>
</DocumentFragment>
`;
