// Jest Snapshot v1, https://goo.gl/fbAQLP

exports[`matches snapshot 1`] = `
<DocumentFragment>
  <div
    aria-label="navigation"
    class="aje-tab-list"
    role="tablist"
  >
    <div
      class="aje-tab-link"
    >
      <a
        aria-controls="Tabs-:r0:-content"
        aria-current="true"
        aria-selected="true"
        class="aje-tab"
        id="Tabs-:r0:-prefix-tab1"
        role="tab"
        tabindex="-1"
      >
        Tab One
      </a>
    </div>
    <div
      class="aje-tab-link"
    >
      <a
        aria-controls="Tabs-:r0:-content"
        aria-current="false"
        aria-selected="false"
        class="aje-tab"
        id="Tabs-:r0:-prefix-tab2"
        role="tab"
        tabindex="-1"
      >
        Tab Two
      </a>
    </div>
  </div>
  <div
    aria-labelledby="Tabs-:r0:-prefix-tab1"
    class="aje-tab-content"
    id="Tabs-:r0:-content"
    role="tabpanel"
    tabindex="0"
  >
    <div>
      <h2>
        First Tab
      </h2>
    </div>
  </div>
</DocumentFragment>
`;
